I'm sorry, but errors were detected in your script. Please correct the
errors listed below, and try again.


File "game/script.rpy", line 110: expected statement.
    first_day = False
              ^

Ren'Py Version: Ren'Py 8.3.2.24090902
Fri Nov  8 20:48:42 2024
